// Jest Snapshot v1, https://goo.gl/fbAQLP

exports[`Workspaces Tests can be analyzed for the local packages 1`] = `
Array [
  Object {
    "fanIn": 1,
    "fanOut": 0,
    "instability": 0,
    "label": "Stable",
    "name": "a",
  },
  Object {
    "fanIn": 1,
    "fanOut": 1,
    "instability": 0.5,
    "label": "Normal",
    "name": "b",
  },
  Object {
    "fanIn": 1,
    "fanOut": 2,
    "instability": 0.6666666666666666,
    "label": "Flexible",
    "name": "c",
  },
  Object {
    "fanIn": 1,
    "fanOut": 3,
    "instability": 0.75,
    "label": "Flexible",
    "name": "d",
  },
  Object {
    "fanIn": 1,
    "fanOut": 4,
    "instability": 0.8,
    "label": "Instable",
    "name": "e",
  },
]
`;

exports[`Workspaces Tests should read a valid package 1`] = `
Array [
  Object {
    "dependencies": Object {},
    "name": "a",
  },
  Object {
    "dependencies": Object {
      "a": "^1.0.0",
    },
    "name": "b",
  },
  Object {
    "dependencies": Object {
      "a": "^1.0.0",
      "b": "^1.0.0",
    },
    "name": "c",
  },
  Object {
    "dependencies": Object {
      "a": "^1.0.0",
      "b": "^1.0.0",
      "c": "^1.0.0",
    },
    "name": "d",
  },
  Object {
    "dependencies": Object {
      "a": "^1.0.0",
      "b": "^1.0.0",
      "c": "^1.0.0",
      "e": "^1.0.0",
    },
    "name": "e",
  },
]
`;
